[livewp.site/html/johnblack/index.html]
[backblue.gif]
[fade.gif]
[index.html]
[livewp.site/html/johnblack/img/favicon.ico]
[livewp.site/html/johnblack/img/apple_icons_57x57.png]
[livewp.site/html/johnblack/img/apple_icons_72x72.png]
[livewp.site/html/johnblack/img/apple_icons_114x114.png]
[livewp.site/html/johnblack/css/font-awesome.min.css]
[livewp.site/html/johnblack/css/font-iconano.css]
[livewp.site/html/johnblack/css/theme.css]
[livewp.site/html/johnblack/css/custom.css]
[livewp.site/html/johnblack/css/responsive.css]
[livewp.site/html/johnblack/index-2.html]
[livewp.site/html/johnblack/img/custom_logo.png]
[livewp.site/html/johnblack/index-3.html]
[livewp.site/html/johnblack/index-4.html]
[livewp.site/html/johnblack/shift-slider.html]
[livewp.site/html/johnblack/video-bg.html]
[livewp.site/html/johnblack/gallery-ribbon.html]
[livewp.site/html/johnblack/flow-gallery.html]
[livewp.site/html/johnblack/gallery-grid-type1.html]
[livewp.site/html/johnblack/gallery-grid-type2.html]
[livewp.site/html/johnblack/fullscreen-gallery.html]
[livewp.site/html/johnblack/packery-gallery.html]
[livewp.site/html/johnblack/gallery-kenburns.html]
[livewp.site/html/johnblack/striped.html]
[livewp.site/html/johnblack/about.html]
[livewp.site/html/johnblack/services.html]
[livewp.site/html/johnblack/image-bg.html]
[livewp.site/html/johnblack/portfolio-1-column.html]
[livewp.site/html/johnblack/portfolio-grid-with-page-title.html]
[livewp.site/html/johnblack/portfolio-grid-type1.html]
[livewp.site/html/johnblack/portfolio-grid-type2.html]
[livewp.site/html/johnblack/portfolio-fullscreen-style.html]
[livewp.site/html/johnblack/post-with-image.html]
[livewp.site/html/johnblack/blog-with-left-sidebar.html]
[livewp.site/html/johnblack/blog-with-right-sidebar.html]
[livewp.site/html/johnblack/typography.html]
[livewp.site/html/johnblack/404page.html]
[livewp.site/html/johnblack/coming-soon.html]
[livewp.site/html/johnblack/modules.html]
[livewp.site/html/johnblack/blog-fullwidth.html]
[livewp.site/html/johnblack/post-with-video.html]
[livewp.site/html/johnblack/post-with-slideshow.html]
[livewp.site/html/johnblack/gallery-post.html]
[livewp.site/html/johnblack/shop.html]
[livewp.site/html/johnblack/single-product.html]
[livewp.site/html/johnblack/contacts.html]
[livewp.site/html/johnblack/img/dummy.png]
[livewp.site/html/johnblack/img/content_logo.png]
[livewp.site/html/johnblack/portfolio-with-right-sidebar.html]
[livewp.site/html/johnblack/img/img10-1000x576.jpg]
[livewp.site/html/johnblack/img/video_featured-500x388.jpg]
[livewp.site/html/johnblack/img/img7-500x388.jpg]
[livewp.site/html/johnblack/img/img1-1000x576.jpg]
[livewp.site/html/johnblack/img/img2-500x388.jpg]
[livewp.site/html/johnblack/img/img3-500x388.jpg]
[livewp.site/html/johnblack/img/iconbox_icon1.png]
[livewp.site/html/johnblack/img/iconbox_icon2.png]
[livewp.site/html/johnblack/img/iconbox_icon3.png]
[livewp.site/html/johnblack/img/iconbox_icon4.png]
[livewp.site/html/johnblack/img/iconbox_icon5.png]
[livewp.site/html/johnblack/img/iconbox_icon6.png]
[livewp.site/html/johnblack/img/team3-570x493.jpg]
[livewp.site/html/johnblack/img/team2-570x493.jpg]
[livewp.site/html/johnblack/img/team1-570x493.jpg]
[livewp.site/html/johnblack/img/footer_logo.png]
[livewp.site/html/johnblack/img/featured_img-150x150-170x170.jpg]
[livewp.site/html/johnblack/img/img9-150x150-170x170.jpg]
[livewp.site/html/johnblack/img/featured_video-150x150-170x170.jpg]
[livewp.site/cdn-cgi/scripts/5c5dd728/cloudflare-static/email-decode.min.js]
[livewp.site/html/johnblack/js/jquery/jquery.js]
[livewp.site/html/johnblack/js/jquery/jquery-migrate.min.js]
[livewp.site/html/johnblack/js/revslider/jquery.themepunch.revolution.min.js]
[livewp.site/html/johnblack/js/revslider/jquery.themepunch.tools.js]
[livewp.site/html/johnblack/js/revslider/extensions/revolution.extension.slideanims.min.js]
[livewp.site/html/johnblack/js/revslider/extensions/revolution.extension.layeranimation.min.js]
[livewp.site/html/johnblack/js/revslider/extensions/revolution.extension.navigation.min.js]
[livewp.site/html/johnblack/js/revslider/extensions/revolution.extension.parallax.min.js]
[livewp.site/html/johnblack/js/revslider/rvstart.js]
[livewp.site/html/johnblack/js/gallery/jquery.gallery.isotope.min.js]
[livewp.site/html/johnblack/js/gallery/jquery.gallery.sorting.js]
[livewp.site/html/johnblack/js/plugins/jquery.scrollTo.js]
[livewp.site/html/johnblack/js/plugins/jquery.waypoint.js]
[livewp.site/html/johnblack/js/plugins/jquery.slick.min.js]
[livewp.site/html/johnblack/index.html]
[livewp.site/html/johnblack/js/theme.js]
[livewp.site/html/johnblack/fonts/fontawesome-webfont3e6e.eot]
[livewp.site/html/johnblack/fonts/fontawesome-webfontd41d.eot]
[livewp.site/html/johnblack/fonts/fontawesome-webfont3e6e.woff2]
[livewp.site/html/johnblack/fonts/fontawesome-webfont3e6e.woff]
[livewp.site/html/johnblack/fonts/fontawesome-webfont3e6e.ttf]
[livewp.site/html/johnblack/css/font-awesome.min.css]
[livewp.site/html/johnblack/fonts/fontawesome-webfont3e6e.svg]
[livewp.site/html/johnblack/fonts/Iconano.eot]
[livewp.site/html/johnblack/fonts/Iconanod41d.eot]
[livewp.site/html/johnblack/fonts/Iconano.woff]
[livewp.site/html/johnblack/fonts/Iconano.ttf]
[livewp.site/html/johnblack/css/font-iconano.css]
[livewp.site/html/johnblack/fonts/Iconano.svg]
[livewp.site/html/johnblack/img/sprite.png]
[livewp.site/html/johnblack/img/featured_video-1404x840.jpg]
[livewp.site/html/johnblack/img/placeholder/loader.svg]
[livewp.site/html/johnblack/img/promotext_bg.jpg]
[livewp.site/html/johnblack/img/home_bg2.jpg]
[livewp.site/html/johnblack/img/testimonials_bg.jpg]
[livewp.site/html/johnblack/img/woo_star.png]
[livewp.site/html/johnblack/css/theme.css]
[livewp.site/html/johnblack/img/bg_img.jpg]
[livewp.site/html/johnblack/css/custom.css]
[livewp.site/html/johnblack/css/responsive.css]
[livewp.site/html/johnblack/index-2.html]
[livewp.site/html/johnblack/img/logo.png]
[livewp.site/html/johnblack/photo-video-slider.html]
[livewp.site/html/johnblack/portfolio-with-left-sidebar.html]
[livewp.site/html/johnblack/img/img10-300x180.jpg]
[livewp.site/html/johnblack/img/img6-300x180.jpg]
[livewp.site/html/johnblack/img/team2-300x180.jpg]
[livewp.site/html/johnblack/img/img7-300x180.jpg]
[livewp.site/html/johnblack/img/img1-300x180.jpg]
[livewp.site/html/johnblack/img/img5-300x180.jpg]
[livewp.site/html/johnblack/img/img3-300x180.jpg]
[livewp.site/html/johnblack/img/img8-300x180.jpg]
[livewp.site/html/johnblack/img/img2-300x180.jpg]
[livewp.site/html/johnblack/img/img4-300x180.jpg]
[livewp.site/html/johnblack/img/img9-300x180.jpg]
[livewp.site/html/johnblack/img/img11-300x180.jpg]
[livewp.site/html/johnblack/img/img12-300x180.jpg]
[player.vimeo.com/api/player.js]
[livewp.site/html/johnblack/index-3.html]
[livewp.site/html/johnblack/js/plugins/jquery.fs.gallery.js]
[livewp.site/html/johnblack/img/img10-1000x964.jpg]
[livewp.site/html/johnblack/img/video_featured-500x482.jpg]
[livewp.site/html/johnblack/img/img7-500x482.jpg]
[livewp.site/html/johnblack/img/img1-1000x482.jpg]
[livewp.site/html/johnblack/img/content_logo_light.png]
[livewp.site/html/johnblack/img/iconbox_icon7.png]
[livewp.site/html/johnblack/img/iconbox_icon8.png]
[livewp.site/html/johnblack/img/iconbox_icon9.png]
[livewp.site/html/johnblack/img/featured_img-500x439.jpg]
[livewp.site/html/johnblack/img/featured_video-500x439.jpg]
[livewp.site/html/johnblack/img/img2-500x439.jpg]
[livewp.site/html/johnblack/img/img3-500x439.jpg]
[livewp.site/html/johnblack/img/gt3themes.png]
[livewp.site/html/johnblack/img/pixeden.png]
[livewp.site/html/johnblack/img/wp.png]
[livewp.site/html/johnblack/img/themeforest.png]
[livewp.site/html/johnblack/index-4.html]
[livewp.site/html/johnblack/js/revslider/rvstart_type2.js]
[livewp.site/html/johnblack/portfolio-fullwidth-type.html]
[livewp.site/html/johnblack/img/img7.jpg]
[livewp.site/html/johnblack/img/img6.jpg]
[livewp.site/html/johnblack/img/img11.jpg]
[livewp.site/html/johnblack/img/img13.jpg]
[livewp.site/html/johnblack/img/img4.jpg]
[livewp.site/html/johnblack/img/img3.jpg]
[livewp.site/html/johnblack/img/coming_soon.jpg]
[livewp.site/html/johnblack/img/img1.jpg]
[livewp.site/html/johnblack/js/plugins/jquery.swipebox.js]
[livewp.site/html/johnblack/js/gallery/jquery.gallery.post.js]
[livewp.site/html/johnblack/js/plugins/jquery.event.swipe.js]
[livewp.site/html/johnblack/js/plugins/jquery.shift.gallery.js]
[livewp.site/html/johnblack/shift-slider.html]
[livewp.site/html/johnblack/video-bg.html]
[livewp.site/html/johnblack/js/plugins/jquery.mousewheel.js]
[livewp.site/html/johnblack/img/img10.jpg]
[livewp.site/html/johnblack/img/img5.jpg]
[livewp.site/html/johnblack/gallery-ribbon.html]
[livewp.site/html/johnblack/js/plugins/jquery.ribbon.gallery.js]
[livewp.site/html/johnblack/img/img7-1040x960.jpg]
[livewp.site/html/johnblack/img/img5-1040x960.jpg]
[livewp.site/html/johnblack/img/img4-1040x960.jpg]
[livewp.site/html/johnblack/img/img3-1040x960.jpg]
[livewp.site/html/johnblack/img/coming_soon-1040x960.jpg]
[livewp.site/html/johnblack/img/video_featured-1040x960.jpg]
[livewp.site/html/johnblack/img/img10-1040x960.jpg]
[livewp.site/html/johnblack/flow-gallery.html]
[livewp.site/html/johnblack/js/plugins/jquery.flow.gallery.js]
[livewp.site/html/johnblack/img/img15-960x632.jpg]
[livewp.site/html/johnblack/img/img15.jpg]
[livewp.site/html/johnblack/img/img19-960x632.jpg]
[livewp.site/html/johnblack/img/img19.jpg]
[livewp.site/html/johnblack/img/img5-960x632.jpg]
[livewp.site/html/johnblack/img/img9-960x632.jpg]
[livewp.site/html/johnblack/img/img9.jpg]
[livewp.site/html/johnblack/img/img12-960x632.jpg]
[livewp.site/html/johnblack/img/img12.jpg]
[livewp.site/html/johnblack/img/img11-960x632.jpg]
[livewp.site/html/johnblack/img/img14-960x632.jpg]
[livewp.site/html/johnblack/img/img14.jpg]
[livewp.site/html/johnblack/img/img13-960x632.jpg]
[livewp.site/html/johnblack/img/img1-960x632.jpg]
[livewp.site/html/johnblack/img/img7-960x632.jpg]
[livewp.site/html/johnblack/img/img6-960x632.jpg]
[livewp.site/html/johnblack/js/gallery/jquery.gallery.swipebox.js]
[livewp.site/html/johnblack/gallery-grid-type1.html]
[livewp.site/html/johnblack/gallery-grid-type2.html]
[livewp.site/html/johnblack/fullscreen-gallery.html]
[livewp.site/html/johnblack/js/gallery/jquery.gallery.grid.js]
[livewp.site/html/johnblack/img/img15-1000x964.jpg]
[livewp.site/html/johnblack/img/img19-500x482.jpg]
[livewp.site/html/johnblack/img/img5-500x482.jpg]
[livewp.site/html/johnblack/img/featured_img-1000x482.jpg]
[livewp.site/html/johnblack/img/featured_img.jpg]
[livewp.site/html/johnblack/img/img11-500x482.jpg]
[livewp.site/html/johnblack/img/img18-500x482.jpg]
[livewp.site/html/johnblack/img/img18.jpg]
[livewp.site/html/johnblack/img/img14-1000x964.jpg]
[livewp.site/html/johnblack/img/img3-1000x482.jpg]
[livewp.site/html/johnblack/packery-gallery.html]
[livewp.site/html/johnblack/gallery-kenburns.html]
[livewp.site/html/johnblack/striped.html]
[livewp.site/html/johnblack/js/plugins/jquery.kenburns.js]
[livewp.site/html/johnblack/img/img16-300x180.jpg]
[livewp.site/html/johnblack/img/img18-300x180.jpg]
[livewp.site/html/johnblack/about.html]
[livewp.site/html/johnblack/js/plugins/jquery.jscrollpane.min.js]
[livewp.site/html/johnblack/img/banner1-570x493.jpg]
[livewp.site/html/johnblack/img/banner2-570x493.jpg]
[livewp.site/html/johnblack/img/banner3-570x493.jpg]
[livewp.site/html/johnblack/services.html]
[livewp.site/html/johnblack/image-bg.html]
[livewp.site/html/johnblack/img/img10-960x775.jpg]
[livewp.site/html/johnblack/img/video_featured-960x775.jpg]
[livewp.site/html/johnblack/img/img7-960x775.jpg]
[livewp.site/html/johnblack/portfolio-1-column.html]
[livewp.site/html/johnblack/img/img10-960x632.jpg]
[livewp.site/html/johnblack/img/video_featured-960x632.jpg]
[livewp.site/html/johnblack/img/img2-960x632.jpg]
[livewp.site/html/johnblack/img/img3-960x632.jpg]
[livewp.site/html/johnblack/portfolio-grid-with-page-title.html]
[livewp.site/html/johnblack/portfolio-grid-type1.html]
[livewp.site/html/johnblack/portfolio-grid-type2.html]
[livewp.site/html/johnblack/img/img8-960x632.jpg]
[livewp.site/html/johnblack/portfolio-fullscreen-style.html]
[livewp.site/html/johnblack/js/plugins/jquery.endless-scroll.js]
[livewp.site/html/johnblack/css/sb-instagram.css]
[livewp.site/html/johnblack/img/featured_img-1404x840.jpg]
[livewp.site/html/johnblack/img/single_post_img.jpg]
[livewp.site/html/johnblack/img/photographer.png]
[livewp.site/html/johnblack/img/banner.jpg]
[livewp.site/html/johnblack/js/plugins/jquery.nivo.slider.js]
[livewp.site/html/johnblack/post-with-image.html]
[livewp.site/html/johnblack/js/sb-instagram.min.js]
[livewp.site/html/johnblack/img/img3-1404x840.jpg]
[livewp.site/html/johnblack/img/img4-1404x840.jpg]
[livewp.site/html/johnblack/img/img5-1404x840.jpg]
[livewp.site/html/johnblack/img/img7-1404x840.jpg]
[livewp.site/html/johnblack/blog-with-left-sidebar.html]
[livewp.site/html/johnblack/blog-with-right-sidebar.html]
[livewp.site/html/johnblack/js/scrollTo.js]
[livewp.site/html/johnblack/typography.html]
[livewp.site/html/johnblack/404page.html]
[livewp.site/html/johnblack/coming-soon.html]
[livewp.site/html/johnblack/js/plugins/jquery.countdown.min.js]
[livewp.site/html/johnblack/css/galleryPost.css]
[livewp.site/html/johnblack/img/featured_img-700x418.jpg]
[livewp.site/html/johnblack/img/img15-700x700.jpg]
[livewp.site/html/johnblack/img/img14-700x1050.jpg]
[livewp.site/html/johnblack/img/img19-700x1050.jpg]
[livewp.site/html/johnblack/img/img18-700x700.jpg]
[livewp.site/html/johnblack/img/featured_video-700x418.jpg]
[livewp.site/html/johnblack/img/featured_video.jpg]
[livewp.site/html/johnblack/img/img6-700x1050.jpg]
[livewp.site/html/johnblack/img/img7-700x466.jpg]
[livewp.site/html/johnblack/img/img9-700x700.jpg]
[livewp.site/html/johnblack/img/img4-700x418.jpg]
[livewp.site/html/johnblack/img/img1-700x466.jpg]
[livewp.site/html/johnblack/img/img5-700x466.jpg]
[livewp.site/html/johnblack/img/img3-700x466.jpg]
[livewp.site/html/johnblack/modules.html]
[livewp.site/html/johnblack/blog-fullwidth.html]
[livewp.site/html/johnblack/post-with-video.html]
[livewp.site/html/johnblack/post-with-slideshow.html]
[livewp.site/html/johnblack/js/plugins/jquery.isotope.min.js]
[livewp.site/html/johnblack/img/img7-1404x936.jpg]
[livewp.site/html/johnblack/img/img12-700x525.jpg]
[livewp.site/html/johnblack/img/img11-700x525.jpg]
[livewp.site/html/johnblack/img/img10-700x525.jpg]
[livewp.site/html/johnblack/img/img9-700x525.jpg]
[livewp.site/html/johnblack/img/img8-700x525.jpg]
[livewp.site/html/johnblack/img/img8.jpg]
[livewp.site/html/johnblack/img/img3-700x525.jpg]
[livewp.site/html/johnblack/gallery-post.html]
[livewp.site/html/johnblack/img/shop1-500x330.jpg]
[livewp.site/html/johnblack/img/shop6-500x330.jpg]
[livewp.site/html/johnblack/img/shop10-500x330.jpg]
[livewp.site/html/johnblack/img/shop12-500x330.jpg]
[livewp.site/html/johnblack/img/shop14-500x330.jpg]
[livewp.site/html/johnblack/img/shop16-500x330.jpg]
[livewp.site/html/johnblack/img/shop18-500x330.jpg]
[livewp.site/html/johnblack/img/shop20-500x330.jpg]
[livewp.site/html/johnblack/shop.html]
[livewp.site/html/johnblack/css/prettyPhoto.css]
[livewp.site/html/johnblack/img/shop18.jpg]
[livewp.site/html/johnblack/img/shop19.jpg]
[livewp.site/html/johnblack/img/shop19-185x185.jpg]
[livewp.site/html/johnblack/img/shop11.jpg]
[livewp.site/html/johnblack/img/shop11-185x185.jpg]
[livewp.site/html/johnblack/img/shop12.jpg]
[livewp.site/html/johnblack/img/shop12-185x185.jpg]
[livewp.site/html/johnblack/img/shop21-185x185.jpg]
[livewp.site/html/johnblack/img/shop20-185x185.jpg]
[livewp.site/html/johnblack/img/shop18-185x185.jpg]
[livewp.site/html/johnblack/single-product.html]
[livewp.site/html/johnblack/contacts.html]
[livewp.site/html/johnblack/js/plugins/jquery.prettyPhoto.min.js]
[livewp.site/html/johnblack/img/img13-500x439.jpg]
[livewp.site/html/johnblack/portfolio-with-right-sidebar.html]
[livewp.site/html/johnblack/fonts/fontawesome-webfont3e6e.svg]
[livewp.site/html/johnblack/fonts/Iconano.svg]
[livewp.site/html/johnblack/img/placeholder/loader.svg]
[livewp.site/html/johnblack/img/team3-300x180.jpg]
[livewp.site/html/johnblack/img/featured_video-300x180.jpg]
[livewp.site/html/johnblack/photo-video-slider.html]
[livewp.site/html/johnblack/portfolio-with-left-sidebar.html]
[livewp.site/html/johnblack/img/img10-1404x840.jpg]
[livewp.site/html/johnblack/img/img1-1404x840.jpg]
[livewp.site/html/johnblack/img/img8-500x439.jpg]
[livewp.site/html/johnblack/portfolio-fullwidth-type.html]
[livewp.site/html/johnblack/img/loader.png]
[livewp.site/html/johnblack/img/small-logo.png]
[livewp.site/html/johnblack/css/sb-instagram.css]
[livewp.site/html/johnblack/js/scrollTo.html]
[livewp.site/html/johnblack/img/prev-slide.png]
[livewp.site/html/johnblack/img/next-slide.png]
[livewp.site/html/johnblack/img/prev-slide-hover.png]
[livewp.site/html/johnblack/img/next-slide-hover.png]
[livewp.site/html/johnblack/img/close.png]
[livewp.site/html/johnblack/css/galleryPost.css]
[livewp.site/html/johnblack/img/loader.svg]
[livewp.site/html/johnblack/fonts/star.eot]
[livewp.site/html/johnblack/fonts/stard41d.eot]
[livewp.site/html/johnblack/fonts/star.woff]
[livewp.site/html/johnblack/fonts/star.ttf]
[livewp.site/html/johnblack/fonts/star.svg]
[livewp.site/html/johnblack/fonts/WooCommerce.eot]
[livewp.site/html/johnblack/fonts/WooCommerced41d.eot]
[livewp.site/html/johnblack/fonts/WooCommerce.woff]
[livewp.site/html/johnblack/fonts/WooCommerce.ttf]
[livewp.site/html/johnblack/fonts/WooCommerce.svg]
[livewp.site/html/johnblack/css/prettyPhoto.css]
[livewp.site/html/johnblack/img/small-logo.html]
[livewp.site/html/johnblack/img/loader.svg]
[livewp.site/html/johnblack/fonts/star.html]
[livewp.site/html/johnblack/fonts/stard41d.html]
[livewp.site/html/johnblack/fonts/star-2.html]
[livewp.site/html/johnblack/fonts/star-3.html]
[livewp.site/html/johnblack/fonts/star-4.html]
[livewp.site/html/johnblack/fonts/WooCommerce.html]
[livewp.site/html/johnblack/fonts/WooCommerced41d.html]
[livewp.site/html/johnblack/fonts/WooCommerce-2.html]
[livewp.site/html/johnblack/img/loader-pf.svg]
[livewp.site/html/johnblack/img/loader-pf.svg]
