[demo.shadow-themes.com/html/ashade/index.html]
[backblue.gif]
[fade.gif]
[index.html]
[demo.shadow-themes.com/html/ashade/img/favicon.png]
[demo.shadow-themes.com/html/ashade/img/logo.png]
[demo.shadow-themes.com/html/ashade/video/home-bg.mp4]
[demo.shadow-themes.com/html/ashade/img/albums/masonry/album01.jpg]
[demo.shadow-themes.com/html/ashade/img/albums/masonry/album02.jpg]
[demo.shadow-themes.com/html/ashade/img/albums/masonry/album03.jpg]
[demo.shadow-themes.com/html/ashade/img/albums/masonry/album05.jpg]
[demo.shadow-themes.com/html/ashade/img/albums/masonry/album04.jpg]
[demo.shadow-themes.com/html/ashade/img/albums/masonry/album06.jpg]
[demo.shadow-themes.com/html/ashade/img/albums/masonry/album08.jpg]
[demo.shadow-themes.com/html/ashade/img/albums/masonry/album07.jpg]
[demo.shadow-themes.com/html/ashade/img/albums/masonry/album09.jpg]
[demo.shadow-themes.com/html/ashade/img/albums/masonry/album11.jpg]
[demo.shadow-themes.com/html/ashade/img/albums/masonry/album10.jpg]
[demo.shadow-themes.com/html/ashade/img/albums/masonry/album12.jpg]
[demo.shadow-themes.com/html/ashade/img/general/owner-avatar.jpg]
[demo.shadow-themes.com/html/ashade/js/jquery.min.js]
[demo.shadow-themes.com/html/ashade/js/gsap.min.js]
[demo.shadow-themes.com/html/ashade/js/masonry.min.js]
[demo.shadow-themes.com/html/ashade/js/core.js]
[demo.shadow-themes.com/html/ashade/index.html]
[demo.shadow-themes.com/html/ashade/fonts/line-awesomeeb4f.eot]
[demo.shadow-themes.com/html/ashade/fonts/line-awesome0176.eot]
[demo.shadow-themes.com/html/ashade/fonts/line-awesomeeb4f.woff2]
[demo.shadow-themes.com/html/ashade/fonts/line-awesomeeb4f.woff]
[demo.shadow-themes.com/html/ashade/fonts/line-awesomeeb4f.ttf]
[demo.shadow-themes.com/html/ashade/css/line-awesome.css]
[demo.shadow-themes.com/html/ashade/css/style.css]
[demo.shadow-themes.com/html/ashade/css/responsive.css]
[demo.shadow-themes.com/html/ashade/index-2.html]
[demo.shadow-themes.com/html/ashade/img/kenburns/01.jpg]
[demo.shadow-themes.com/html/ashade/img/kenburns/02.jpg]
[demo.shadow-themes.com/html/ashade/img/kenburns/03.jpg]
[demo.shadow-themes.com/html/ashade/img/kenburns/04.jpg]
[demo.shadow-themes.com/html/ashade/img/kenburns/05.jpg]
[demo.shadow-themes.com/html/ashade/img/kenburns/06.jpg]
[demo.shadow-themes.com/html/ashade/home02.html]
[demo.shadow-themes.com/html/ashade/home03.html]
[demo.shadow-themes.com/html/ashade/img/bgs/maintenance.jpg]
[demo.shadow-themes.com/html/ashade/maintenance.html]
[demo.shadow-themes.com/html/ashade/img/albums/carousel/album01.jpg]
[demo.shadow-themes.com/html/ashade/img/albums/carousel/album02.jpg]
[demo.shadow-themes.com/html/ashade/img/albums/carousel/album03.jpg]
[demo.shadow-themes.com/html/ashade/img/albums/carousel/album04.jpg]
[demo.shadow-themes.com/html/ashade/img/albums/carousel/album05.jpg]
[demo.shadow-themes.com/html/ashade/img/albums/carousel/album06.jpg]
[demo.shadow-themes.com/html/ashade/img/albums/carousel/album07.jpg]
[demo.shadow-themes.com/html/ashade/img/albums/carousel/album08.jpg]
[demo.shadow-themes.com/html/ashade/img/albums/carousel/album09.jpg]
[demo.shadow-themes.com/html/ashade/img/albums/carousel/album10.jpg]
[demo.shadow-themes.com/html/ashade/img/albums/carousel/album11.jpg]
[demo.shadow-themes.com/html/ashade/img/albums/carousel/album12.jpg]
[demo.shadow-themes.com/html/ashade/js/ashade-ribbon.js]
[demo.shadow-themes.com/html/ashade/works-ribbon-large.html]
[demo.shadow-themes.com/html/ashade/works-ribbon-medium.html]
[demo.shadow-themes.com/html/ashade/works-ribbon-vertical.html]
[demo.shadow-themes.com/html/ashade/img/albums/slider/album01.jpg]
[demo.shadow-themes.com/html/ashade/img/albums/slider/album02.jpg]
[demo.shadow-themes.com/html/ashade/img/albums/slider/album03.jpg]
[demo.shadow-themes.com/html/ashade/img/albums/slider/album04.jpg]
[demo.shadow-themes.com/html/ashade/img/albums/slider/album05.jpg]
[demo.shadow-themes.com/html/ashade/img/albums/slider/album06.jpg]
[demo.shadow-themes.com/html/ashade/img/albums/slider/album07.jpg]
[demo.shadow-themes.com/html/ashade/img/albums/slider/album08.jpg]
[demo.shadow-themes.com/html/ashade/img/albums/slider/album09.jpg]
[demo.shadow-themes.com/html/ashade/img/albums/slider/album10.jpg]
[demo.shadow-themes.com/html/ashade/img/albums/slider/album11.jpg]
[demo.shadow-themes.com/html/ashade/img/albums/slider/album12.jpg]
[demo.shadow-themes.com/html/ashade/js/ashade-slider.js]
[demo.shadow-themes.com/html/ashade/works-slider-parallax.html]
[demo.shadow-themes.com/html/ashade/works-slider-simple.html]
[demo.shadow-themes.com/html/ashade/works-slider-fade.html]
[demo.shadow-themes.com/html/ashade/img/albums/grid/album01.jpg]
[demo.shadow-themes.com/html/ashade/img/albums/grid/album02.jpg]
[demo.shadow-themes.com/html/ashade/img/albums/grid/album03.jpg]
[demo.shadow-themes.com/html/ashade/img/albums/grid/album05.jpg]
[demo.shadow-themes.com/html/ashade/img/albums/grid/album04.jpg]
[demo.shadow-themes.com/html/ashade/img/albums/grid/album06.jpg]
[demo.shadow-themes.com/html/ashade/img/albums/grid/album08.jpg]
[demo.shadow-themes.com/html/ashade/img/albums/grid/album07.jpg]
[demo.shadow-themes.com/html/ashade/img/albums/grid/album09.jpg]
[demo.shadow-themes.com/html/ashade/img/albums/grid/album11.jpg]
[demo.shadow-themes.com/html/ashade/img/albums/grid/album10.jpg]
[demo.shadow-themes.com/html/ashade/img/albums/grid/album12.jpg]
[demo.shadow-themes.com/html/ashade/works-grid-2columns.html]
[demo.shadow-themes.com/html/ashade/works-grid-3columns.html]
[demo.shadow-themes.com/html/ashade/works-grid-4columns.html]
[demo.shadow-themes.com/html/ashade/works-masonry-2columns.html]
[demo.shadow-themes.com/html/ashade/works-masonry-3columns.html]
[demo.shadow-themes.com/html/ashade/works-masonry-4columns.html]
[demo.shadow-themes.com/html/ashade/works-adjusted-2columns.html]
[demo.shadow-themes.com/html/ashade/works-adjusted-3columns.html]
[demo.shadow-themes.com/html/ashade/works-adjusted-4columns.html]
[demo.shadow-themes.com/html/ashade/img/gallery/grid2/01.jpg]
[demo.shadow-themes.com/html/ashade/img/null.png]
[demo.shadow-themes.com/html/ashade/img/gallery/grid2/02.jpg]
[demo.shadow-themes.com/html/ashade/img/gallery/grid2/03.jpg]
[demo.shadow-themes.com/html/ashade/img/gallery/grid2/04.jpg]
[demo.shadow-themes.com/html/ashade/img/gallery/grid2/05.jpg]
[demo.shadow-themes.com/html/ashade/img/gallery/grid2/06.jpg]
[demo.shadow-themes.com/html/ashade/js/jquery.lazy.min.js]
[demo.shadow-themes.com/html/ashade/js/photoswipe.min.js]
[demo.shadow-themes.com/html/ashade/js/photoswipe-ui-default.min.js]
[demo.shadow-themes.com/html/ashade/gallery-grid-2columns.html]
[demo.shadow-themes.com/html/ashade/img/gallery/grid3/01.jpg]
[demo.shadow-themes.com/html/ashade/img/gallery/grid3/02.jpg]
[demo.shadow-themes.com/html/ashade/img/gallery/grid3/03.jpg]
[demo.shadow-themes.com/html/ashade/img/gallery/grid3/04.jpg]
[demo.shadow-themes.com/html/ashade/img/gallery/grid3/05.jpg]
[demo.shadow-themes.com/html/ashade/img/gallery/grid3/06.jpg]
[demo.shadow-themes.com/html/ashade/img/gallery/grid3/07.jpg]
[demo.shadow-themes.com/html/ashade/img/gallery/grid3/08.jpg]
[demo.shadow-themes.com/html/ashade/img/gallery/grid3/09.jpg]
[demo.shadow-themes.com/html/ashade/img/gallery/grid3/10.jpg]
[demo.shadow-themes.com/html/ashade/img/gallery/grid3/11.jpg]
[demo.shadow-themes.com/html/ashade/img/gallery/grid3/12.jpg]
[demo.shadow-themes.com/html/ashade/gallery-grid-3columns.html]
[demo.shadow-themes.com/html/ashade/img/gallery/grid4/01.jpg]
[demo.shadow-themes.com/html/ashade/img/gallery/grid4/02.jpg]
[demo.shadow-themes.com/html/ashade/img/gallery/grid4/03.jpg]
[demo.shadow-themes.com/html/ashade/img/gallery/grid4/04.jpg]
[demo.shadow-themes.com/html/ashade/img/gallery/grid4/05.jpg]
[demo.shadow-themes.com/html/ashade/img/gallery/grid4/06.jpg]
[demo.shadow-themes.com/html/ashade/img/gallery/grid4/07.jpg]
[demo.shadow-themes.com/html/ashade/img/gallery/grid4/08.jpg]
[demo.shadow-themes.com/html/ashade/img/gallery/grid4/09.jpg]
[demo.shadow-themes.com/html/ashade/img/gallery/grid4/10.jpg]
[demo.shadow-themes.com/html/ashade/img/gallery/grid4/11.jpg]
[demo.shadow-themes.com/html/ashade/img/gallery/grid4/12.jpg]
[demo.shadow-themes.com/html/ashade/img/gallery/grid4/13.jpg]
[demo.shadow-themes.com/html/ashade/img/gallery/grid4/14.jpg]
[demo.shadow-themes.com/html/ashade/img/gallery/grid4/15.jpg]
[demo.shadow-themes.com/html/ashade/img/gallery/grid4/16.jpg]
[demo.shadow-themes.com/html/ashade/img/gallery/grid4/17.jpg]
[demo.shadow-themes.com/html/ashade/img/gallery/grid4/18.jpg]
[demo.shadow-themes.com/html/ashade/img/gallery/grid4/19.jpg]
[demo.shadow-themes.com/html/ashade/img/gallery/grid4/20.jpg]
[demo.shadow-themes.com/html/ashade/gallery-grid-4columns.html]
[demo.shadow-themes.com/html/ashade/img/gallery/masonry2/01.jpg]
[demo.shadow-themes.com/html/ashade/img/gallery/masonry2/02.jpg]
[demo.shadow-themes.com/html/ashade/img/gallery/masonry2/03.jpg]
[demo.shadow-themes.com/html/ashade/img/gallery/masonry2/04.jpg]
[demo.shadow-themes.com/html/ashade/img/gallery/masonry2/06.jpg]
[demo.shadow-themes.com/html/ashade/img/gallery/masonry2/05.jpg]
[demo.shadow-themes.com/html/ashade/gallery-masonry-2columns.html]
[demo.shadow-themes.com/html/ashade/img/gallery/masonry3/01.jpg]
[demo.shadow-themes.com/html/ashade/img/gallery/masonry3/02.jpg]
[demo.shadow-themes.com/html/ashade/img/gallery/masonry3/03.jpg]
[demo.shadow-themes.com/html/ashade/img/gallery/masonry3/04.jpg]
[demo.shadow-themes.com/html/ashade/img/gallery/masonry3/06.jpg]
[demo.shadow-themes.com/html/ashade/img/gallery/masonry3/05.jpg]
[demo.shadow-themes.com/html/ashade/img/gallery/masonry3/08.jpg]
[demo.shadow-themes.com/html/ashade/img/gallery/masonry3/07.jpg]
[demo.shadow-themes.com/html/ashade/img/gallery/masonry3/09.jpg]
[demo.shadow-themes.com/html/ashade/img/gallery/masonry3/10.jpg]
[demo.shadow-themes.com/html/ashade/img/gallery/masonry3/11.jpg]
[demo.shadow-themes.com/html/ashade/img/gallery/masonry3/12.jpg]
[demo.shadow-themes.com/html/ashade/gallery-masonry-3columns.html]
[demo.shadow-themes.com/html/ashade/img/gallery/masonry4/01.jpg]
[demo.shadow-themes.com/html/ashade/img/gallery/masonry4/02.jpg]
[demo.shadow-themes.com/html/ashade/img/gallery/masonry4/03.jpg]
[demo.shadow-themes.com/html/ashade/img/gallery/masonry4/04.jpg]
[demo.shadow-themes.com/html/ashade/img/gallery/masonry4/05.jpg]
[demo.shadow-themes.com/html/ashade/img/gallery/masonry4/07.jpg]
[demo.shadow-themes.com/html/ashade/img/gallery/masonry4/08.jpg]
[demo.shadow-themes.com/html/ashade/img/gallery/masonry4/06.jpg]
[demo.shadow-themes.com/html/ashade/img/gallery/masonry4/10.jpg]
[demo.shadow-themes.com/html/ashade/img/gallery/masonry4/12.jpg]
[demo.shadow-themes.com/html/ashade/img/gallery/masonry4/09.jpg]
[demo.shadow-themes.com/html/ashade/img/gallery/masonry4/11.jpg]
[demo.shadow-themes.com/html/ashade/img/gallery/masonry4/16.jpg]
[demo.shadow-themes.com/html/ashade/img/gallery/masonry4/13.jpg]
[demo.shadow-themes.com/html/ashade/img/gallery/masonry4/14.jpg]
[demo.shadow-themes.com/html/ashade/img/gallery/masonry4/15.jpg]
[demo.shadow-themes.com/html/ashade/gallery-masonry-4columns.html]
[demo.shadow-themes.com/html/ashade/img/gallery/adjusted2/01.jpg]
[demo.shadow-themes.com/html/ashade/img/gallery/adjusted2/02.jpg]
[demo.shadow-themes.com/html/ashade/img/gallery/adjusted2/03.jpg]
[demo.shadow-themes.com/html/ashade/img/gallery/adjusted2/04.jpg]
[demo.shadow-themes.com/html/ashade/img/gallery/adjusted2/05.jpg]
[demo.shadow-themes.com/html/ashade/img/gallery/adjusted2/06.jpg]
[demo.shadow-themes.com/html/ashade/gallery-adjusted-2columns.html]
[demo.shadow-themes.com/html/ashade/img/gallery/adjusted3/01.jpg]
[demo.shadow-themes.com/html/ashade/img/gallery/adjusted3/02.jpg]
[demo.shadow-themes.com/html/ashade/img/gallery/adjusted3/03.jpg]
[demo.shadow-themes.com/html/ashade/img/gallery/adjusted3/04.jpg]
[demo.shadow-themes.com/html/ashade/img/gallery/adjusted3/05.jpg]
[demo.shadow-themes.com/html/ashade/img/gallery/adjusted3/06.jpg]
[demo.shadow-themes.com/html/ashade/img/gallery/adjusted3/07.jpg]
[demo.shadow-themes.com/html/ashade/img/gallery/adjusted3/08.jpg]
[demo.shadow-themes.com/html/ashade/img/gallery/adjusted3/09.jpg]
[demo.shadow-themes.com/html/ashade/img/gallery/adjusted3/10.jpg]
[demo.shadow-themes.com/html/ashade/img/gallery/adjusted3/11.jpg]
[demo.shadow-themes.com/html/ashade/img/gallery/adjusted3/12.jpg]
[demo.shadow-themes.com/html/ashade/gallery-adjusted-3columns.html]
[demo.shadow-themes.com/html/ashade/img/gallery/adjusted4/01.jpg]
[demo.shadow-themes.com/html/ashade/img/gallery/adjusted4/02.jpg]
[demo.shadow-themes.com/html/ashade/img/gallery/adjusted4/03.jpg]
[demo.shadow-themes.com/html/ashade/img/gallery/adjusted4/04.jpg]
[demo.shadow-themes.com/html/ashade/img/gallery/adjusted4/05.jpg]
[demo.shadow-themes.com/html/ashade/img/gallery/adjusted4/06.jpg]
[demo.shadow-themes.com/html/ashade/img/gallery/adjusted4/07.jpg]
[demo.shadow-themes.com/html/ashade/img/gallery/adjusted4/08.jpg]
[demo.shadow-themes.com/html/ashade/img/gallery/adjusted4/09.jpg]
[demo.shadow-themes.com/html/ashade/img/gallery/adjusted4/10.jpg]
[demo.shadow-themes.com/html/ashade/img/gallery/adjusted4/11.jpg]
[demo.shadow-themes.com/html/ashade/img/gallery/adjusted4/12.jpg]
[demo.shadow-themes.com/html/ashade/gallery-adjusted-4columns.html]
[demo.shadow-themes.com/html/ashade/img/gallery/ribbon-large/01.jpg]
[demo.shadow-themes.com/html/ashade/img/gallery/ribbon-large/02.jpg]
[demo.shadow-themes.com/html/ashade/img/gallery/ribbon-large/03.jpg]
[demo.shadow-themes.com/html/ashade/img/gallery/ribbon-large/04.jpg]
[demo.shadow-themes.com/html/ashade/img/gallery/ribbon-large/05.jpg]
[demo.shadow-themes.com/html/ashade/img/gallery/ribbon-large/06.jpg]
[demo.shadow-themes.com/html/ashade/gallery-ribbon-large.html]
[demo.shadow-themes.com/html/ashade/img/gallery/ribbon-medium/02.jpg]
[demo.shadow-themes.com/html/ashade/img/gallery/ribbon-medium/03.jpg]
[demo.shadow-themes.com/html/ashade/img/gallery/ribbon-medium/04.jpg]
[demo.shadow-themes.com/html/ashade/img/gallery/ribbon-medium/05.jpg]
[demo.shadow-themes.com/html/ashade/img/gallery/ribbon-medium/06.jpg]
[demo.shadow-themes.com/html/ashade/img/gallery/ribbon-medium/07.jpg]
[demo.shadow-themes.com/html/ashade/img/gallery/ribbon-medium/08.jpg]
[demo.shadow-themes.com/html/ashade/img/gallery/ribbon-medium/09.jpg]
[demo.shadow-themes.com/html/ashade/gallery-ribbon-medium.html]
[demo.shadow-themes.com/html/ashade/img/gallery/ribbon-vertical/01.jpg]
[demo.shadow-themes.com/html/ashade/img/gallery/ribbon-vertical/02.jpg]
[demo.shadow-themes.com/html/ashade/img/gallery/ribbon-vertical/03.jpg]
[demo.shadow-themes.com/html/ashade/img/gallery/ribbon-vertical/04.jpg]
[demo.shadow-themes.com/html/ashade/gallery-ribbon-vertical.html]
[demo.shadow-themes.com/html/ashade/img/gallery/slider/01.jpg]
[demo.shadow-themes.com/html/ashade/img/gallery/slider/02.jpg]
[demo.shadow-themes.com/html/ashade/img/gallery/slider/03.jpg]
[demo.shadow-themes.com/html/ashade/img/gallery/slider/04.jpg]
[demo.shadow-themes.com/html/ashade/img/gallery/slider/05.jpg]
[demo.shadow-themes.com/html/ashade/img/gallery/slider/06.jpg]
[demo.shadow-themes.com/html/ashade/gallery-slider-parallax.html]
[demo.shadow-themes.com/html/ashade/gallery-slider-simple.html]
[demo.shadow-themes.com/html/ashade/img/gallery/slider-fade/01.jpg]
[demo.shadow-themes.com/html/ashade/img/gallery/slider-fade/02.jpg]
[demo.shadow-themes.com/html/ashade/img/gallery/slider-fade/03.jpg]
[demo.shadow-themes.com/html/ashade/gallery-slider-fade.html]
[demo.shadow-themes.com/html/ashade/img/gallery/justified/01.jpg]
[demo.shadow-themes.com/html/ashade/img/gallery/justified/02.jpg]
[demo.shadow-themes.com/html/ashade/img/gallery/justified/03.jpg]
[demo.shadow-themes.com/html/ashade/img/gallery/justified/04.jpg]
[demo.shadow-themes.com/html/ashade/img/gallery/justified/05.jpg]
[demo.shadow-themes.com/html/ashade/img/gallery/justified/06.jpg]
[demo.shadow-themes.com/html/ashade/img/gallery/justified/07.jpg]
[demo.shadow-themes.com/html/ashade/img/gallery/justified/08.jpg]
[demo.shadow-themes.com/html/ashade/img/gallery/justified/09.jpg]
[demo.shadow-themes.com/html/ashade/img/gallery/justified/10.jpg]
[demo.shadow-themes.com/html/ashade/img/gallery/justified/11.jpg]
[demo.shadow-themes.com/html/ashade/img/gallery/justified/12.jpg]
[demo.shadow-themes.com/html/ashade/img/gallery/justified/13.jpg]
[demo.shadow-themes.com/html/ashade/img/gallery/justified/14.jpg]
[demo.shadow-themes.com/html/ashade/img/gallery/justified/15.jpg]
[demo.shadow-themes.com/html/ashade/img/gallery/justified/16.jpg]
[demo.shadow-themes.com/html/ashade/img/gallery/justified/17.jpg]
[demo.shadow-themes.com/html/ashade/img/gallery/justified/18.jpg]
[demo.shadow-themes.com/html/ashade/img/gallery/justified/19.jpg]
[demo.shadow-themes.com/html/ashade/img/gallery/justified/20.jpg]
[demo.shadow-themes.com/html/ashade/img/gallery/justified/21.jpg]
[demo.shadow-themes.com/html/ashade/js/jquery.justifiedGallery.min.js]
[demo.shadow-themes.com/html/ashade/gallery-justified.html]
[demo.shadow-themes.com/html/ashade/img/gallery/bricks1x2/01.jpg]
[demo.shadow-themes.com/html/ashade/img/gallery/bricks1x2/02.jpg]
[demo.shadow-themes.com/html/ashade/img/gallery/bricks1x2/03.jpg]
[demo.shadow-themes.com/html/ashade/img/gallery/bricks1x2/04.jpg]
[demo.shadow-themes.com/html/ashade/img/gallery/bricks1x2/05.jpg]
[demo.shadow-themes.com/html/ashade/img/gallery/bricks1x2/06.jpg]
[demo.shadow-themes.com/html/ashade/gallery-bricks-1x2.html]
[demo.shadow-themes.com/html/ashade/img/gallery/bricks2x3/01.jpg]
[demo.shadow-themes.com/html/ashade/img/gallery/bricks2x3/02.jpg]
[demo.shadow-themes.com/html/ashade/img/gallery/bricks2x3/03.jpg]
[demo.shadow-themes.com/html/ashade/img/gallery/bricks2x3/04.jpg]
[demo.shadow-themes.com/html/ashade/img/gallery/bricks2x3/05.jpg]
[demo.shadow-themes.com/html/ashade/img/gallery/bricks2x3/06.jpg]
[demo.shadow-themes.com/html/ashade/img/gallery/bricks2x3/07.jpg]
[demo.shadow-themes.com/html/ashade/img/gallery/bricks2x3/08.jpg]
[demo.shadow-themes.com/html/ashade/img/gallery/bricks2x3/09.jpg]
[demo.shadow-themes.com/html/ashade/img/gallery/bricks2x3/10.jpg]
[demo.shadow-themes.com/html/ashade/gallery-bricks-2x3.html]
[demo.shadow-themes.com/html/ashade/img/general/signature.png]
[demo.shadow-themes.com/html/ashade/img/general/about-me.jpg]
[demo.shadow-themes.com/html/ashade/img/general/studio01.jpg]
[demo.shadow-themes.com/html/ashade/img/general/studio02.jpg]
[demo.shadow-themes.com/html/ashade/img/general/studio03.jpg]
[demo.shadow-themes.com/html/ashade/img/general/studio04.jpg]
[demo.shadow-themes.com/html/ashade/img/general/after.jpg]
[demo.shadow-themes.com/html/ashade/img/general/before.jpg]
[demo.shadow-themes.com/html/ashade/img/avatars/testimonial01.jpg]
[demo.shadow-themes.com/html/ashade/img/avatars/testimonial02.jpg]
[demo.shadow-themes.com/html/ashade/img/avatars/testimonial03.jpg]
[demo.shadow-themes.com/html/ashade/img/avatars/testimonial04.jpg]
[demo.shadow-themes.com/html/ashade/img/avatars/testimonial05.jpg]
[demo.shadow-themes.com/html/ashade/js/tiny-slider.js]
[demo.shadow-themes.com/html/ashade/about.html]
[demo.shadow-themes.com/html/ashade/img/services/thmb-personal.jpg]
[demo.shadow-themes.com/html/ashade/img/services/thmb-wedding.jpg]
[demo.shadow-themes.com/html/ashade/img/services/thmb-lovestory.jpg]
[demo.shadow-themes.com/html/ashade/img/services/thmb-commercial.jpg]
[demo.shadow-themes.com/html/ashade/img/services/thmb-nature.jpg]
[demo.shadow-themes.com/html/ashade/img/services/thmb-travel.jpg]
[demo.shadow-themes.com/html/ashade/services.html]
[demo.shadow-themes.com/html/ashade/img/avatars/testimonial06.jpg]
[demo.shadow-themes.com/html/ashade/img/avatars/testimonial09.jpg]
[demo.shadow-themes.com/html/ashade/img/avatars/testimonial07.jpg]
[demo.shadow-themes.com/html/ashade/img/avatars/testimonial08.jpg]
[demo.shadow-themes.com/html/ashade/testimonials.html]
[demo.shadow-themes.com/html/ashade/typography.html]
[demo.shadow-themes.com/html/ashade/contacts.html]
[demo.shadow-themes.com/html/ashade/facebook.html]
[demo.shadow-themes.com/html/ashade/twitter.html]
[demo.shadow-themes.com/html/ashade/instagram.html]
[demo.shadow-themes.com/html/ashade/500px.html]
[demo.shadow-themes.com/html/ashade/fonts/line-awesomeeb4f.svg]
[demo.shadow-themes.com/html/ashade/css/photoswipe.css]
[demo.shadow-themes.com/html/ashade/img/bgs/bg-home01.jpg]
[demo.shadow-themes.com/html/ashade/css/default-skin/preloader.gif]
[demo.shadow-themes.com/html/ashade/css/default-skin/default-skin.css]
[demo.shadow-themes.com/html/ashade/css/justifiedGallery.min.css]
[demo.shadow-themes.com/html/ashade/css/tiny-slider.css]
[demo.shadow-themes.com/html/ashade/img/gallery/ribbon-medium/01.jpg]
